This file contains any messages produced by compilers while
running configure, to aid debugging if configure makes a mistake.

It was created by rdklogger configure 3.0.0, which was
generated by GNU Autoconf 2.71.  Invocation command line was

  $ ./configure --prefix=/usr

## --------- ##
## Platform. ##
## --------- ##

hostname = runnervmwffz4
uname -m = x86_64
uname -r = 6.11.0-1018-azure
uname -s = Linux
uname -v = #18~24.04.1-Ubuntu SMP Sat Jun 28 04:46:03 UTC 2025

/usr/bin/uname -p = x86_64
/bin/uname -X     = unknown

/bin/arch              = x86_64
/usr/bin/arch -k       = unknown
/usr/convex/getsysinfo = unknown
/usr/bin/hostinfo      = unknown
/bin/machine           = unknown
/usr/bin/oslevel       = unknown
/bin/universe          = unknown

PATH: /home/runner/work/rdk_logger/.codeql-scratch/dbs/cpp/working/autobuild/bin/
PATH: /home/runner/work/_temp/ghcca-node/node/bin/
PATH: /snap/bin/
PATH: /home/runner/.local/bin/
PATH: /opt/pipx_bin/
PATH: /home/runner/.cargo/bin/
PATH: /home/runner/.config/composer/vendor/bin/
PATH: /usr/local/.ghcup/bin/
PATH: /home/runner/.dotnet/tools/
PATH: /usr/local/sbin/
PATH: /usr/local/bin/
PATH: /usr/sbin/
PATH: /usr/bin/
PATH: /sbin/
PATH: /bin/
PATH: /usr/games/
PATH: /usr/local/games/
PATH: /snap/bin/


## ----------- ##
## Core tests. ##
## ----------- ##

configure:2873: looking for aux files: compile config.guess config.sub ltmain.sh missing install-sh
configure:2886:  trying ./cfg/
configure:2915:   ./cfg/compile found
configure:2915:   ./cfg/config.guess found
configure:2915:   ./cfg/config.sub found
configure:2915:   ./cfg/ltmain.sh found
configure:2915:   ./cfg/missing found
configure:2897:   ./cfg/install-sh found
configure:3049: checking for a BSD-compatible install
configure:3122: result: /usr/bin/install -c
configure:3133: checking whether build environment is sane
configure:3188: result: yes
configure:3347: checking for a race-free mkdir -p
configure:3391: result: /usr/bin/mkdir -p
configure:3398: checking for gawk
configure:3419: found /usr/bin/gawk
configure:3430: result: gawk
configure:3441: checking whether make sets $(MAKE)
configure:3464: result: yes
configure:3494: checking whether make supports nested variables
configure:3512: result: yes
configure:3680: checking build system type
configure:3695: result: x86_64-pc-linux-gnu
configure:3715: checking host system type
configure:3729: result: x86_64-pc-linux-gnu
configure:3770: checking how to print strings
configure:3797: result: printf
configure:3831: checking whether make supports the include directive
configure:3846: make -f confmf.GNU && cat confinc.out
this is the am__doit target
configure:3849: $? = 0
configure:3868: result: yes (GNU style)
configure:3944: checking for gcc
configure:3965: found /home/runner/work/rdk_logger/.codeql-scratch/dbs/cpp/working/autobuild/bin/gcc
configure:3976: result: gcc
configure:4329: checking for C compiler version
configure:4338: gcc --version >&5
gcc (Ubuntu 13.3.0-6ubuntu2~24.04) 13.3.0
Copyright (C) 2023 Free Software Foundation, Inc.
This is free software; see the source for copying conditions.  There is NO
warranty; not even for MERCHANTABILITY or FITNESS FOR A PARTICULAR PURPOSE.

configure:4349: $? = 0
configure:4338: gcc -v >&5
Using built-in specs.
COLLECT_GCC=/usr/bin/gcc
COLLECT_LTO_WRAPPER=/usr/libexec/gcc/x86_64-linux-gnu/13/lto-wrapper
OFFLOAD_TARGET_NAMES=nvptx-none:amdgcn-amdhsa
OFFLOAD_TARGET_DEFAULT=1
Target: x86_64-linux-gnu
Configured with: ../src/configure -v --with-pkgversion='Ubuntu 13.3.0-6ubuntu2~24.04' --with-bugurl=file:///usr/share/doc/gcc-13/README.Bugs --enable-languages=c,ada,c++,go,d,fortran,objc,obj-c++,m2 --prefix=/usr --with-gcc-major-version-only --program-suffix=-13 --program-prefix=x86_64-linux-gnu- --enable-shared --enable-linker-build-id --libexecdir=/usr/libexec --without-included-gettext --enable-threads=posix --libdir=/usr/lib --enable-nls --enable-bootstrap --enable-clocale=gnu --enable-libstdcxx-debug --enable-libstdcxx-time=yes --with-default-libstdcxx-abi=new --enable-libstdcxx-backtrace --enable-gnu-unique-object --disable-vtable-verify --enable-plugin --enable-default-pie --with-system-zlib --enable-libphobos-checking=release --with-target-system-zlib=auto --enable-objc-gc=auto --enable-multiarch --disable-werror --enable-cet --with-arch-32=i686 --with-abi=m64 --with-multilib-list=m32,m64,mx32 --enable-multilib --with-tune=generic --enable-offload-targets=nvptx-none=/build/gcc-13-fG75Ri/gcc-13-13.3.0/debian/tmp-nvptx/usr,amdgcn-amdhsa=/build/gcc-13-fG75Ri/gcc-13-13.3.0/debian/tmp-gcn/usr --enable-offload-defaulted --without-cuda-driver --enable-checking=release --build=x86_64-linux-gnu --host=x86_64-linux-gnu --target=x86_64-linux-gnu --with-build-config=bootstrap-lto-lean --enable-link-serialization=2
Thread model: posix
Supported LTO compression algorithms: zlib zstd
gcc version 13.3.0 (Ubuntu 13.3.0-6ubuntu2~24.04) 
... rest of stderr output deleted ...
configure:4349: $? = 0
configure:4338: gcc -V >&5
gcc: error: unrecognized command-line option '-V'
gcc: fatal error: no input files
compilation terminated.
configure:4349: $? = 1
configure:4338: gcc -qversion >&5
gcc: error: unrecognized command-line option '-qversion'; did you mean '--version'?
gcc: fatal error: no input files
compilation terminated.
configure:4349: $? = 1
configure:4338: gcc -version >&5
gcc: error: unrecognized command-line option '-version'
gcc: fatal error: no input files
compilation terminated.
configure:4349: $? = 1
configure:4369: checking whether the C compiler works
configure:4391: gcc    conftest.c  >&5
configure:4395: $? = 0
configure:4445: result: yes
configure:4448: checking for C compiler default output file name
configure:4450: result: a.out
configure:4456: checking for suffix of executables
configure:4463: gcc -o conftest    conftest.c  >&5
configure:4467: $? = 0
configure:4490: result: 
configure:4512: checking whether we are cross compiling
configure:4520: gcc -o conftest    conftest.c  >&5
configure:4524: $? = 0
configure:4531: ./conftest
configure:4535: $? = 0
configure:4550: result: no
configure:4555: checking for suffix of object files
configure:4578: gcc -c   conftest.c >&5
configure:4582: $? = 0
configure:4604: result: o
configure:4608: checking whether the compiler supports GNU C
configure:4628: gcc -c   conftest.c >&5
configure:4628: $? = 0
configure:4638: result: yes
configure:4649: checking whether gcc accepts -g
configure:4670: gcc -c -g  conftest.c >&5
configure:4670: $? = 0
configure:4714: result: yes
configure:4734: checking for gcc option to enable C11 features
configure:4749: gcc  -c -g -O2  conftest.c >&5
configure:4749: $? = 0
configure:4767: result: none needed
configure:4883: checking whether gcc understands -c and -o together
configure:4906: gcc -c conftest.c -o conftest2.o
configure:4909: $? = 0
configure:4906: gcc -c conftest.c -o conftest2.o
configure:4909: $? = 0
configure:4921: result: yes
configure:4940: checking dependency style of gcc
configure:5052: result: gcc3
configure:5067: checking for a sed that does not truncate output
configure:5137: result: /usr/bin/sed
configure:5155: checking for grep that handles long lines and -e
configure:5219: result: /usr/bin/grep
configure:5224: checking for egrep
configure:5292: result: /usr/bin/grep -E
configure:5297: checking for fgrep
configure:5365: result: /usr/bin/grep -F
configure:5401: checking for ld used by gcc
configure:5469: result: /usr/bin/ld
configure:5476: checking if the linker (/usr/bin/ld) is GNU ld
configure:5492: result: yes
configure:5504: checking for BSD- or MS-compatible name lister (nm)
configure:5559: result: /usr/bin/nm -B
configure:5699: checking the name lister (/usr/bin/nm -B) interface
configure:5707: gcc -c -g -O2  conftest.c >&5
configure:5710: /usr/bin/nm -B "conftest.o"
configure:5713: output
0000000000000000 B some_variable
configure:5720: result: BSD nm
configure:5723: checking whether ln -s works
configure:5727: result: yes
configure:5735: checking the maximum length of command line arguments
configure:5867: result: 3145728
configure:5915: checking how to convert x86_64-pc-linux-gnu file names to x86_64-pc-linux-gnu format
configure:5956: result: func_convert_file_noop
configure:5963: checking how to convert x86_64-pc-linux-gnu file names to toolchain format
configure:5984: result: func_convert_file_noop
configure:5991: checking for /usr/bin/ld option to reload object files
configure:5999: result: -r
configure:6078: checking for file
configure:6099: found /usr/bin/file
configure:6110: result: file
configure:6186: checking for objdump
configure:6207: found /usr/bin/objdump
configure:6218: result: objdump
configure:6250: checking how to recognize dependent libraries
configure:6451: result: pass_all
configure:6541: checking for dlltool
configure:6576: result: no
configure:6606: checking how to associate runtime and link libraries
configure:6634: result: printf %s\n
configure:6700: checking for ar
configure:6721: found /usr/bin/ar
configure:6732: result: ar
configure:6785: checking for archiver @FILE support
configure:6803: gcc -c -g -O2  conftest.c >&5
configure:6803: $? = 0
configure:6807: ar cr libconftest.a @conftest.lst >&5
configure:6810: $? = 0
configure:6815: ar cr libconftest.a @conftest.lst >&5
ar: conftest.o: No such file or directory
configure:6818: $? = 1
configure:6830: result: @
configure:6893: checking for strip
configure:6914: found /usr/bin/strip
configure:6925: result: strip
configure:7002: checking for ranlib
configure:7023: found /usr/bin/ranlib
configure:7034: result: ranlib
configure:7136: checking command to parse /usr/bin/nm -B output from gcc object
configure:7290: gcc -c -g -O2  conftest.c >&5
configure:7293: $? = 0
configure:7297: /usr/bin/nm -B conftest.o | /usr/bin/sed -n -e 's/^.*[	 ]\([ABCDGIRSTW][ABCDGIRSTW]*\)[	 ][	 ]*\([_A-Za-z][_A-Za-z0-9]*\)$/\1 \2 \2/p' | /usr/bin/sed '/ __gnu_lto/d' > conftest.nm
configure:7363: gcc -o conftest -g -O2   conftest.c conftstm.o >&5
configure:7366: $? = 0
configure:7404: result: ok
configure:7451: checking for sysroot
configure:7482: result: no
configure:7489: checking for a working dd
configure:7533: result: /usr/bin/dd
configure:7537: checking how to truncate binary pipes
configure:7553: result: /usr/bin/dd bs=4096 count=1
configure:7690: gcc -c -g -O2  conftest.c >&5
configure:7693: $? = 0
configure:7890: checking for mt
configure:7911: found /usr/bin/mt
configure:7922: result: mt
configure:7945: checking if mt is a manifest tool
configure:7952: mt '-?'
configure:7960: result: no
configure:8685: checking for stdio.h
configure:8685: gcc -c -g -O2  conftest.c >&5
configure:8685: $? = 0
configure:8685: result: yes
configure:8685: checking for stdlib.h
configure:8685: gcc -c -g -O2  conftest.c >&5
configure:8685: $? = 0
configure:8685: result: yes
configure:8685: checking for string.h
configure:8685: gcc -c -g -O2  conftest.c >&5
configure:8685: $? = 0
configure:8685: result: yes
configure:8685: checking for inttypes.h
configure:8685: gcc -c -g -O2  conftest.c >&5
configure:8685: $? = 0
configure:8685: result: yes
configure:8685: checking for stdint.h
configure:8685: gcc -c -g -O2  conftest.c >&5
configure:8685: $? = 0
configure:8685: result: yes
configure:8685: checking for strings.h
configure:8685: gcc -c -g -O2  conftest.c >&5
configure:8685: $? = 0
configure:8685: result: yes
configure:8685: checking for sys/stat.h
configure:8685: gcc -c -g -O2  conftest.c >&5
configure:8685: $? = 0
configure:8685: result: yes
configure:8685: checking for sys/types.h
configure:8685: gcc -c -g -O2  conftest.c >&5
configure:8685: $? = 0
configure:8685: result: yes
configure:8685: checking for unistd.h
configure:8685: gcc -c -g -O2  conftest.c >&5
configure:8685: $? = 0
configure:8685: result: yes
configure:8710: checking for dlfcn.h
configure:8710: gcc -c -g -O2  conftest.c >&5
configure:8710: $? = 0
configure:8710: result: yes
configure:8969: checking for objdir
configure:8985: result: .libs
configure:9249: checking if gcc supports -fno-rtti -fno-exceptions
configure:9268: gcc -c -g -O2  -fno-rtti -fno-exceptions conftest.c >&5
cc1: warning: command-line option '-fno-rtti' is valid for C++/D/ObjC++ but not for C
configure:9272: $? = 0
configure:9285: result: no
configure:9649: checking for gcc option to produce PIC
configure:9657: result: -fPIC -DPIC
configure:9665: checking if gcc PIC flag -fPIC -DPIC works
configure:9684: gcc -c -g -O2  -fPIC -DPIC -DPIC conftest.c >&5
configure:9688: $? = 0
configure:9701: result: yes
configure:9730: checking if gcc static flag -static works
configure:9759: result: yes
configure:9774: checking if gcc supports -c -o file.o
configure:9796: gcc -c -g -O2  -o out/conftest2.o conftest.c >&5
configure:9800: $? = 0
configure:9822: result: yes
configure:9830: checking if gcc supports -c -o file.o
configure:9878: result: yes
configure:9911: checking whether the gcc linker (/usr/bin/ld -m elf_x86_64) supports shared libraries
configure:11185: result: yes
configure:11222: checking whether -lc should be explicitly linked in
configure:11231: gcc -c -g -O2  conftest.c >&5
configure:11234: $? = 0
configure:11249: gcc -shared  -fPIC -DPIC conftest.o  -v -Wl,-soname -Wl,conftest -o conftest 2\>\&1 \| /usr/bin/grep  -lc  \>/dev/null 2\>\&1
configure:11252: $? = 0
configure:11266: result: no
configure:11426: checking dynamic linker characteristics
configure:12008: gcc -o conftest -g -O2   -Wl,-rpath -Wl,/foo conftest.c  >&5
configure:12008: $? = 0
configure:12259: result: GNU/Linux ld.so
configure:12381: checking how to hardcode library paths into programs
configure:12406: result: immediate
configure:12958: checking whether stripping libraries is possible
configure:12967: result: yes
configure:13009: checking if libtool supports shared libraries
configure:13011: result: yes
configure:13014: checking whether to build shared libraries
configure:13039: result: yes
configure:13042: checking whether to build static libraries
configure:13046: result: yes
configure:13154: checking for g++
configure:13175: found /home/runner/work/rdk_logger/.codeql-scratch/dbs/cpp/working/autobuild/bin/g++
configure:13186: result: g++
configure:13213: checking for C++ compiler version
configure:13222: g++ --version >&5
g++ (Ubuntu 13.3.0-6ubuntu2~24.04) 13.3.0
Copyright (C) 2023 Free Software Foundation, Inc.
This is free software; see the source for copying conditions.  There is NO
warranty; not even for MERCHANTABILITY or FITNESS FOR A PARTICULAR PURPOSE.

configure:13233: $? = 0
configure:13222: g++ -v >&5
Using built-in specs.
COLLECT_GCC=/usr/bin/g++
COLLECT_LTO_WRAPPER=/usr/libexec/gcc/x86_64-linux-gnu/13/lto-wrapper
OFFLOAD_TARGET_NAMES=nvptx-none:amdgcn-amdhsa
OFFLOAD_TARGET_DEFAULT=1
Target: x86_64-linux-gnu
Configured with: ../src/configure -v --with-pkgversion='Ubuntu 13.3.0-6ubuntu2~24.04' --with-bugurl=file:///usr/share/doc/gcc-13/README.Bugs --enable-languages=c,ada,c++,go,d,fortran,objc,obj-c++,m2 --prefix=/usr --with-gcc-major-version-only --program-suffix=-13 --program-prefix=x86_64-linux-gnu- --enable-shared --enable-linker-build-id --libexecdir=/usr/libexec --without-included-gettext --enable-threads=posix --libdir=/usr/lib --enable-nls --enable-bootstrap --enable-clocale=gnu --enable-libstdcxx-debug --enable-libstdcxx-time=yes --with-default-libstdcxx-abi=new --enable-libstdcxx-backtrace --enable-gnu-unique-object --disable-vtable-verify --enable-plugin --enable-default-pie --with-system-zlib --enable-libphobos-checking=release --with-target-system-zlib=auto --enable-objc-gc=auto --enable-multiarch --disable-werror --enable-cet --with-arch-32=i686 --with-abi=m64 --with-multilib-list=m32,m64,mx32 --enable-multilib --with-tune=generic --enable-offload-targets=nvptx-none=/build/gcc-13-fG75Ri/gcc-13-13.3.0/debian/tmp-nvptx/usr,amdgcn-amdhsa=/build/gcc-13-fG75Ri/gcc-13-13.3.0/debian/tmp-gcn/usr --enable-offload-defaulted --without-cuda-driver --enable-checking=release --build=x86_64-linux-gnu --host=x86_64-linux-gnu --target=x86_64-linux-gnu --with-build-config=bootstrap-lto-lean --enable-link-serialization=2
Thread model: posix
Supported LTO compression algorithms: zlib zstd
gcc version 13.3.0 (Ubuntu 13.3.0-6ubuntu2~24.04) 
... rest of stderr output deleted ...
configure:13233: $? = 0
configure:13222: g++ -V >&5
g++: error: unrecognized command-line option '-V'
g++: fatal error: no input files
compilation terminated.
configure:13233: $? = 1
configure:13222: g++ -qversion >&5
g++: error: unrecognized command-line option '-qversion'; did you mean '--version'?
g++: fatal error: no input files
compilation terminated.
configure:13233: $? = 1
configure:13237: checking whether the compiler supports GNU C++
configure:13257: g++ -c   conftest.cpp >&5
configure:13257: $? = 0
configure:13267: result: yes
configure:13278: checking whether g++ accepts -g
configure:13299: g++ -c -g  conftest.cpp >&5
configure:13299: $? = 0
configure:13343: result: yes
configure:13363: checking for g++ option to enable C++11 features
configure:13378: g++  -c -g -O2  conftest.cpp >&5
conftest.cpp: In function 'int main(int, char**)':
conftest.cpp:189:25: warning: empty parentheses were disambiguated as a function declaration [-Wvexing-parse]
  189 |   cxx11test::delegate d2();
      |                         ^~
conftest.cpp:189:25: note: remove parentheses to default-initialize a variable
  189 |   cxx11test::delegate d2();
      |                         ^~
      |                         --
conftest.cpp:189:25: note: or replace parentheses with braces to value-initialize a variable
configure:13378: $? = 0
configure:13396: result: none needed
configure:13462: checking dependency style of g++
configure:13574: result: gcc3
configure:13607: checking how to run the C++ preprocessor
configure:13629: g++ -E  conftest.cpp
configure:13629: $? = 0
configure:13644: g++ -E  conftest.cpp
conftest.cpp:23:10: fatal error: ac_nonexistent.h: No such file or directory
   23 | #include <ac_nonexistent.h>
      |          ^~~~~~~~~~~~~~~~~~
compilation terminated.
configure:13644: $? = 1
configure: failed program was:
| /* confdefs.h */
| #define PACKAGE_NAME "rdklogger"
| #define PACKAGE_TARNAME "rdklogger"
| #define PACKAGE_VERSION "3.0.0"
| #define PACKAGE_STRING "rdklogger 3.0.0"
| #define PACKAGE_BUGREPORT ""
| #define PACKAGE_URL ""
| #define PACKAGE "rdklogger"
| #define VERSION "3.0.0"
| #define HAVE_STDIO_H 1
| #define HAVE_STDLIB_H 1
| #define HAVE_STRING_H 1
| #define HAVE_INTTYPES_H 1
| #define HAVE_STDINT_H 1
| #define HAVE_STRINGS_H 1
| #define HAVE_SYS_STAT_H 1
| #define HAVE_SYS_TYPES_H 1
| #define HAVE_UNISTD_H 1
| #define STDC_HEADERS 1
| #define HAVE_DLFCN_H 1
| #define LT_OBJDIR ".libs/"
| /* end confdefs.h.  */
| #include <ac_nonexistent.h>
configure:13671: result: g++ -E
configure:13685: g++ -E  conftest.cpp
configure:13685: $? = 0
configure:13700: g++ -E  conftest.cpp
conftest.cpp:23:10: fatal error: ac_nonexistent.h: No such file or directory
   23 | #include <ac_nonexistent.h>
      |          ^~~~~~~~~~~~~~~~~~
compilation terminated.
configure:13700: $? = 1
configure: failed program was:
| /* confdefs.h */
| #define PACKAGE_NAME "rdklogger"
| #define PACKAGE_TARNAME "rdklogger"
| #define PACKAGE_VERSION "3.0.0"
| #define PACKAGE_STRING "rdklogger 3.0.0"
| #define PACKAGE_BUGREPORT ""
| #define PACKAGE_URL ""
| #define PACKAGE "rdklogger"
| #define VERSION "3.0.0"
| #define HAVE_STDIO_H 1
| #define HAVE_STDLIB_H 1
| #define HAVE_STRING_H 1
| #define HAVE_INTTYPES_H 1
| #define HAVE_STDINT_H 1
| #define HAVE_STRINGS_H 1
| #define HAVE_SYS_STAT_H 1
| #define HAVE_SYS_TYPES_H 1
| #define HAVE_UNISTD_H 1
| #define STDC_HEADERS 1
| #define HAVE_DLFCN_H 1
| #define LT_OBJDIR ".libs/"
| /* end confdefs.h.  */
| #include <ac_nonexistent.h>
configure:13865: checking for ld used by g++
configure:13933: result: /usr/bin/ld -m elf_x86_64
configure:13940: checking if the linker (/usr/bin/ld -m elf_x86_64) is GNU ld
configure:13956: result: yes
configure:14011: checking whether the g++ linker (/usr/bin/ld -m elf_x86_64) supports shared libraries
configure:15089: result: yes
configure:15125: g++ -c -g -O2  conftest.cpp >&5
configure:15128: $? = 0
configure:15609: checking for g++ option to produce PIC
configure:15617: result: -fPIC -DPIC
configure:15625: checking if g++ PIC flag -fPIC -DPIC works
configure:15644: g++ -c -g -O2  -fPIC -DPIC -DPIC conftest.cpp >&5
configure:15648: $? = 0
configure:15661: result: yes
configure:15684: checking if g++ static flag -static works
configure:15713: result: yes
configure:15725: checking if g++ supports -c -o file.o
configure:15747: g++ -c -g -O2  -o out/conftest2.o conftest.cpp >&5
configure:15751: $? = 0
configure:15773: result: yes
configure:15778: checking if g++ supports -c -o file.o
configure:15826: result: yes
configure:15856: checking whether the g++ linker (/usr/bin/ld -m elf_x86_64) supports shared libraries
configure:15899: result: yes
configure:16041: checking dynamic linker characteristics
configure:16801: result: GNU/Linux ld.so
configure:16866: checking how to hardcode library paths into programs
configure:16891: result: immediate
configure:16984: checking for gcc
configure:17016: result: gcc
configure:17369: checking for C compiler version
configure:17378: gcc --version >&5
gcc (Ubuntu 13.3.0-6ubuntu2~24.04) 13.3.0
Copyright (C) 2023 Free Software Foundation, Inc.
This is free software; see the source for copying conditions.  There is NO
warranty; not even for MERCHANTABILITY or FITNESS FOR A PARTICULAR PURPOSE.

configure:17389: $? = 0
configure:17378: gcc -v >&5
Using built-in specs.
COLLECT_GCC=/usr/bin/gcc
COLLECT_LTO_WRAPPER=/usr/libexec/gcc/x86_64-linux-gnu/13/lto-wrapper
OFFLOAD_TARGET_NAMES=nvptx-none:amdgcn-amdhsa
OFFLOAD_TARGET_DEFAULT=1
Target: x86_64-linux-gnu
Configured with: ../src/configure -v --with-pkgversion='Ubuntu 13.3.0-6ubuntu2~24.04' --with-bugurl=file:///usr/share/doc/gcc-13/README.Bugs --enable-languages=c,ada,c++,go,d,fortran,objc,obj-c++,m2 --prefix=/usr --with-gcc-major-version-only --program-suffix=-13 --program-prefix=x86_64-linux-gnu- --enable-shared --enable-linker-build-id --libexecdir=/usr/libexec --without-included-gettext --enable-threads=posix --libdir=/usr/lib --enable-nls --enable-bootstrap --enable-clocale=gnu --enable-libstdcxx-debug --enable-libstdcxx-time=yes --with-default-libstdcxx-abi=new --enable-libstdcxx-backtrace --enable-gnu-unique-object --disable-vtable-verify --enable-plugin --enable-default-pie --with-system-zlib --enable-libphobos-checking=release --with-target-system-zlib=auto --enable-objc-gc=auto --enable-multiarch --disable-werror --enable-cet --with-arch-32=i686 --with-abi=m64 --with-multilib-list=m32,m64,mx32 --enable-multilib --with-tune=generic --enable-offload-targets=nvptx-none=/build/gcc-13-fG75Ri/gcc-13-13.3.0/debian/tmp-nvptx/usr,amdgcn-amdhsa=/build/gcc-13-fG75Ri/gcc-13-13.3.0/debian/tmp-gcn/usr --enable-offload-defaulted --without-cuda-driver --enable-checking=release --build=x86_64-linux-gnu --host=x86_64-linux-gnu --target=x86_64-linux-gnu --with-build-config=bootstrap-lto-lean --enable-link-serialization=2
Thread model: posix
Supported LTO compression algorithms: zlib zstd
gcc version 13.3.0 (Ubuntu 13.3.0-6ubuntu2~24.04) 
... rest of stderr output deleted ...
configure:17389: $? = 0
configure:17378: gcc -V >&5
gcc: error: unrecognized command-line option '-V'
gcc: fatal error: no input files
compilation terminated.
configure:17389: $? = 1
configure:17378: gcc -qversion >&5
gcc: error: unrecognized command-line option '-qversion'; did you mean '--version'?
gcc: fatal error: no input files
compilation terminated.
configure:17389: $? = 1
configure:17378: gcc -version >&5
gcc: error: unrecognized command-line option '-version'
gcc: fatal error: no input files
compilation terminated.
configure:17389: $? = 1
configure:17393: checking whether the compiler supports GNU C
configure:17423: result: yes
configure:17434: checking whether gcc accepts -g
configure:17499: result: yes
configure:17519: checking for gcc option to enable C11 features
configure:17552: result: none needed
configure:17668: checking whether gcc understands -c and -o together
configure:17706: result: yes
configure:17725: checking dependency style of gcc
configure:17837: result: gcc3
configure:17853: checking whether ln -s works
configure:17857: result: yes
configure:17869: checking how to run the C preprocessor
configure:17895: gcc -E  conftest.c
configure:17895: $? = 0
configure:17910: gcc -E  conftest.c
conftest.c:23:10: fatal error: ac_nonexistent.h: No such file or directory
   23 | #include <ac_nonexistent.h>
      |          ^~~~~~~~~~~~~~~~~~
compilation terminated.
configure:17910: $? = 1
configure: failed program was:
| /* confdefs.h */
| #define PACKAGE_NAME "rdklogger"
| #define PACKAGE_TARNAME "rdklogger"
| #define PACKAGE_VERSION "3.0.0"
| #define PACKAGE_STRING "rdklogger 3.0.0"
| #define PACKAGE_BUGREPORT ""
| #define PACKAGE_URL ""
| #define PACKAGE "rdklogger"
| #define VERSION "3.0.0"
| #define HAVE_STDIO_H 1
| #define HAVE_STDLIB_H 1
| #define HAVE_STRING_H 1
| #define HAVE_INTTYPES_H 1
| #define HAVE_STDINT_H 1
| #define HAVE_STRINGS_H 1
| #define HAVE_SYS_STAT_H 1
| #define HAVE_SYS_TYPES_H 1
| #define HAVE_UNISTD_H 1
| #define STDC_HEADERS 1
| #define HAVE_DLFCN_H 1
| #define LT_OBJDIR ".libs/"
| /* end confdefs.h.  */
| #include <ac_nonexistent.h>
configure:17937: result: gcc -E
configure:17951: gcc -E  conftest.c
configure:17951: $? = 0
configure:17966: gcc -E  conftest.c
conftest.c:23:10: fatal error: ac_nonexistent.h: No such file or directory
   23 | #include <ac_nonexistent.h>
      |          ^~~~~~~~~~~~~~~~~~
compilation terminated.
configure:17966: $? = 1
configure: failed program was:
| /* confdefs.h */
| #define PACKAGE_NAME "rdklogger"
| #define PACKAGE_TARNAME "rdklogger"
| #define PACKAGE_VERSION "3.0.0"
| #define PACKAGE_STRING "rdklogger 3.0.0"
| #define PACKAGE_BUGREPORT ""
| #define PACKAGE_URL ""
| #define PACKAGE "rdklogger"
| #define VERSION "3.0.0"
| #define HAVE_STDIO_H 1
| #define HAVE_STDLIB_H 1
| #define HAVE_STRING_H 1
| #define HAVE_INTTYPES_H 1
| #define HAVE_STDINT_H 1
| #define HAVE_STRINGS_H 1
| #define HAVE_SYS_STAT_H 1
| #define HAVE_SYS_TYPES_H 1
| #define HAVE_UNISTD_H 1
| #define STDC_HEADERS 1
| #define HAVE_DLFCN_H 1
| #define LT_OBJDIR ".libs/"
| /* end confdefs.h.  */
| #include <ac_nonexistent.h>
configure:18001: checking how to run the C++ preprocessor
configure:18065: result: g++ -E
configure:18079: g++ -E  conftest.cpp
configure:18079: $? = 0
configure:18094: g++ -E  conftest.cpp
conftest.cpp:23:10: fatal error: ac_nonexistent.h: No such file or directory
   23 | #include <ac_nonexistent.h>
      |          ^~~~~~~~~~~~~~~~~~
compilation terminated.
configure:18094: $? = 1
configure: failed program was:
| /* confdefs.h */
| #define PACKAGE_NAME "rdklogger"
| #define PACKAGE_TARNAME "rdklogger"
| #define PACKAGE_VERSION "3.0.0"
| #define PACKAGE_STRING "rdklogger 3.0.0"
| #define PACKAGE_BUGREPORT ""
| #define PACKAGE_URL ""
| #define PACKAGE "rdklogger"
| #define VERSION "3.0.0"
| #define HAVE_STDIO_H 1
| #define HAVE_STDLIB_H 1
| #define HAVE_STRING_H 1
| #define HAVE_INTTYPES_H 1
| #define HAVE_STDINT_H 1
| #define HAVE_STRINGS_H 1
| #define HAVE_SYS_STAT_H 1
| #define HAVE_SYS_TYPES_H 1
| #define HAVE_UNISTD_H 1
| #define STDC_HEADERS 1
| #define HAVE_DLFCN_H 1
| #define LT_OBJDIR ".libs/"
| /* end confdefs.h.  */
| #include <ac_nonexistent.h>
configure:18137: checking whether make supports nested variables
configure:18155: result: yes
configure:18230: checking for pkg-config
configure:18253: found /usr/bin/pkg-config
configure:18265: result: /usr/bin/pkg-config
configure:18290: checking pkg-config is at least version 0.9.0
configure:18293: result: yes
configure:18303: checking for libsystemd >= 209
configure:18310: $PKG_CONFIG --exists --print-errors "libsystemd >= 209"
Package libsystemd was not found in the pkg-config search path.
Perhaps you should add the directory containing `libsystemd.pc'
to the PKG_CONFIG_PATH environment variable
Package 'libsystemd', required by 'virtual:world', not found
configure:18313: $? = 1
configure:18327: $PKG_CONFIG --exists --print-errors "libsystemd >= 209"
Package libsystemd was not found in the pkg-config search path.
Perhaps you should add the directory containing `libsystemd.pc'
to the PKG_CONFIG_PATH environment variable
Package 'libsystemd', required by 'virtual:world', not found
configure:18330: $? = 1
configure:18344: result: no
Package 'libsystemd', required by 'virtual:world', not found
configure:18361: WARNING: libsystemd not found; systemd support will be disabled
configure:18395: checking for limits.h
configure:18395: gcc -c -g -O2  conftest.c >&5
configure:18395: $? = 0
configure:18395: result: yes
configure:18401: checking for memory.h
configure:18401: gcc -c -g -O2  conftest.c >&5
configure:18401: $? = 0
configure:18401: result: yes
configure:18407: checking for stdlib.h
configure:18407: result: yes
configure:18413: checking for string.h
configure:18413: result: yes
configure:18419: checking for sys/socket.h
configure:18419: gcc -c -g -O2  conftest.c >&5
configure:18419: $? = 0
configure:18419: result: yes
configure:18425: checking for unistd.h
configure:18425: result: yes
configure:18433: checking for syslog.h
configure:18433: gcc -c -g -O2  conftest.c >&5
configure:18433: $? = 0
configure:18433: result: yes
configure:18440: checking for openlog
configure:18440: gcc -o conftest -g -O2   conftest.c  >&5
configure:18440: $? = 0
configure:18440: result: yes
configure:18446: checking for syslog
configure:18446: gcc -o conftest -g -O2   conftest.c  >&5
configure:18446: $? = 0
configure:18446: result: yes
configure:18452: checking for closelog
configure:18452: gcc -o conftest -g -O2   conftest.c  >&5
configure:18452: $? = 0
configure:18452: result: yes
configure:18460: checking for uint8_t
configure:18460: gcc -c -g -O2  conftest.c >&5
configure:18460: $? = 0
configure:18460: result: yes
configure:18473: checking for GNU libc compatible malloc
configure:18505: gcc -o conftest -g -O2   conftest.c  >&5
configure:18505: $? = 0
configure:18505: ./conftest
configure:18505: $? = 0
configure:18516: result: yes
configure:18538: checking for memset
configure:18538: gcc -o conftest -g -O2   conftest.c  >&5
conftest.c:50:6: warning: conflicting types for built-in function 'memset'; expected 'void *(void *, int,  long unsigned int)' [-Wbuiltin-declaration-mismatch]
   50 | char memset ();
      |      ^~~~~~
conftest.c:42:1: note: 'memset' is declared in header '<string.h>'
   41 | #include <limits.h>
   42 | #undef memset
configure:18538: $? = 0
configure:18538: result: yes
configure:18544: checking for strdup
configure:18544: gcc -o conftest -g -O2   conftest.c  >&5
conftest.c:51:6: warning: conflicting types for built-in function 'strdup'; expected 'char *(const char *)' [-Wbuiltin-declaration-mismatch]
   51 | char strdup ();
      |      ^~~~~~
configure:18544: $? = 0
configure:18544: result: yes
configure:18550: checking for strerror
configure:18550: gcc -o conftest -g -O2   conftest.c  >&5
configure:18550: $? = 0
configure:18550: result: yes
configure:18560: checking for log4c >= 1.2.3
configure:18567: $PKG_CONFIG --exists --print-errors "log4c >= 1.2.3"
Package log4c was not found in the pkg-config search path.
Perhaps you should add the directory containing `log4c.pc'
to the PKG_CONFIG_PATH environment variable
Package 'log4c', required by 'virtual:world', not found
configure:18570: $? = 1
configure:18584: $PKG_CONFIG --exists --print-errors "log4c >= 1.2.3"
Package log4c was not found in the pkg-config search path.
Perhaps you should add the directory containing `log4c.pc'
to the PKG_CONFIG_PATH environment variable
Package 'log4c', required by 'virtual:world', not found
configure:18587: $? = 1
configure:18601: result: no
Package 'log4c', required by 'virtual:world', not found
configure:18617: error: Package requirements (log4c >= 1.2.3) were not met:

Package 'log4c', required by 'virtual:world', not found

Consider adjusting the PKG_CONFIG_PATH environment variable if you
installed software in a non-standard prefix.

Alternatively, you may set the environment variables LOG4C_CFLAGS
and LOG4C_LIBS to avoid the need to call pkg-config.
See the pkg-config man page for more details.

## ---------------- ##
## Cache variables. ##
## ---------------- ##

ac_cv_build=x86_64-pc-linux-gnu
ac_cv_c_compiler_gnu=yes
ac_cv_c_uint8_t=yes
ac_cv_cxx_compiler_gnu=yes
ac_cv_env_CCC_set=
ac_cv_env_CCC_value=
ac_cv_env_CC_set=
ac_cv_env_CC_value=
ac_cv_env_CFLAGS_set=
ac_cv_env_CFLAGS_value=
ac_cv_env_CPPFLAGS_set=
ac_cv_env_CPPFLAGS_value=
ac_cv_env_CPP_set=
ac_cv_env_CPP_value=
ac_cv_env_CXXCPP_set=
ac_cv_env_CXXCPP_value=
ac_cv_env_CXXFLAGS_set=
ac_cv_env_CXXFLAGS_value=
ac_cv_env_CXX_set=
ac_cv_env_CXX_value=
ac_cv_env_LDFLAGS_set=
ac_cv_env_LDFLAGS_value=
ac_cv_env_LIBS_set=
ac_cv_env_LIBS_value=
ac_cv_env_LOG4C_CFLAGS_set=
ac_cv_env_LOG4C_CFLAGS_value=
ac_cv_env_LOG4C_LIBS_set=
ac_cv_env_LOG4C_LIBS_value=
ac_cv_env_LT_SYS_LIBRARY_PATH_set=
ac_cv_env_LT_SYS_LIBRARY_PATH_value=
ac_cv_env_PKG_CONFIG_LIBDIR_set=
ac_cv_env_PKG_CONFIG_LIBDIR_value=
ac_cv_env_PKG_CONFIG_PATH_set=
ac_cv_env_PKG_CONFIG_PATH_value=
ac_cv_env_PKG_CONFIG_set=
ac_cv_env_PKG_CONFIG_value=
ac_cv_env_SYSTEMD_CFLAGS_set=
ac_cv_env_SYSTEMD_CFLAGS_value=
ac_cv_env_SYSTEMD_LIBS_set=
ac_cv_env_SYSTEMD_LIBS_value=
ac_cv_env_build_alias_set=
ac_cv_env_build_alias_value=
ac_cv_env_host_alias_set=
ac_cv_env_host_alias_value=
ac_cv_env_target_alias_set=
ac_cv_env_target_alias_value=
ac_cv_func_closelog=yes
ac_cv_func_malloc_0_nonnull=yes
ac_cv_func_memset=yes
ac_cv_func_openlog=yes
ac_cv_func_strdup=yes
ac_cv_func_strerror=yes
ac_cv_func_syslog=yes
ac_cv_header_dlfcn_h=yes
ac_cv_header_inttypes_h=yes
ac_cv_header_limits_h=yes
ac_cv_header_memory_h=yes
ac_cv_header_stdint_h=yes
ac_cv_header_stdio_h=yes
ac_cv_header_stdlib_h=yes
ac_cv_header_string_h=yes
ac_cv_header_strings_h=yes
ac_cv_header_sys_socket_h=yes
ac_cv_header_sys_stat_h=yes
ac_cv_header_sys_types_h=yes
ac_cv_header_syslog_h=yes
ac_cv_header_unistd_h=yes
ac_cv_host=x86_64-pc-linux-gnu
ac_cv_objext=o
ac_cv_path_EGREP='/usr/bin/grep -E'
ac_cv_path_FGREP='/usr/bin/grep -F'
ac_cv_path_GREP=/usr/bin/grep
ac_cv_path_SED=/usr/bin/sed
ac_cv_path_ac_pt_PKG_CONFIG=/usr/bin/pkg-config
ac_cv_path_install='/usr/bin/install -c'
ac_cv_path_lt_DD=/usr/bin/dd
ac_cv_path_mkdir=/usr/bin/mkdir
ac_cv_prog_AWK=gawk
ac_cv_prog_CPP='gcc -E'
ac_cv_prog_CXXCPP='g++ -E'
ac_cv_prog_ac_ct_AR=ar
ac_cv_prog_ac_ct_CC=gcc
ac_cv_prog_ac_ct_CXX=g++
ac_cv_prog_ac_ct_FILECMD=file
ac_cv_prog_ac_ct_MANIFEST_TOOL=mt
ac_cv_prog_ac_ct_OBJDUMP=objdump
ac_cv_prog_ac_ct_RANLIB=ranlib
ac_cv_prog_ac_ct_STRIP=strip
ac_cv_prog_cc_c11=
ac_cv_prog_cc_g=yes
ac_cv_prog_cc_stdc=
ac_cv_prog_cxx_cxx11=
ac_cv_prog_cxx_g=yes
ac_cv_prog_cxx_stdcxx=
ac_cv_prog_make_make_set=yes
am_cv_CC_dependencies_compiler_type=gcc3
am_cv_CXX_dependencies_compiler_type=gcc3
am_cv_make_support_nested_variables=yes
am_cv_prog_cc_c_o=yes
lt_cv_ar_at_file=@
lt_cv_archive_cmds_need_lc=no
lt_cv_deplibs_check_method=pass_all
lt_cv_file_magic_cmd='$MAGIC_CMD'
lt_cv_file_magic_test_file=
lt_cv_ld_reload_flag=-r
lt_cv_nm_interface='BSD nm'
lt_cv_objdir=.libs
lt_cv_path_LD=/usr/bin/ld
lt_cv_path_LDCXX='/usr/bin/ld -m elf_x86_64'
lt_cv_path_NM='/usr/bin/nm -B'
lt_cv_path_mainfest_tool=no
lt_cv_prog_compiler_c_o=yes
lt_cv_prog_compiler_c_o_CXX=yes
lt_cv_prog_compiler_pic='-fPIC -DPIC'
lt_cv_prog_compiler_pic_CXX='-fPIC -DPIC'
lt_cv_prog_compiler_pic_works=yes
lt_cv_prog_compiler_pic_works_CXX=yes
lt_cv_prog_compiler_rtti_exceptions=no
lt_cv_prog_compiler_static_works=yes
lt_cv_prog_compiler_static_works_CXX=yes
lt_cv_prog_gnu_ld=yes
lt_cv_prog_gnu_ldcxx=yes
lt_cv_sharedlib_from_linklib_cmd='printf %s\n'
lt_cv_shlibpath_overrides_runpath=yes
lt_cv_sys_global_symbol_pipe='/usr/bin/sed -n -e '\''s/^.*[	 ]\([ABCDGIRSTW][ABCDGIRSTW]*\)[	 ][	 ]*\([_A-Za-z][_A-Za-z0-9]*\)$/\1 \2 \2/p'\'' | /usr/bin/sed '\''/ __gnu_lto/d'\'''
lt_cv_sys_global_symbol_to_c_name_address='/usr/bin/sed -n -e '\''s/^: \(.*\) .*$/  {"\1", (void *) 0},/p'\'' -e '\''s/^[ABCDGIRSTW][ABCDGIRSTW]* .* \(.*\)$/  {"\1", (void *) \&\1},/p'\'''
lt_cv_sys_global_symbol_to_c_name_address_lib_prefix='/usr/bin/sed -n -e '\''s/^: \(.*\) .*$/  {"\1", (void *) 0},/p'\'' -e '\''s/^[ABCDGIRSTW][ABCDGIRSTW]* .* \(lib.*\)$/  {"\1", (void *) \&\1},/p'\'' -e '\''s/^[ABCDGIRSTW][ABCDGIRSTW]* .* \(.*\)$/  {"lib\1", (void *) \&\1},/p'\'''
lt_cv_sys_global_symbol_to_cdecl='/usr/bin/sed -n -e '\''s/^T .* \(.*\)$/extern int \1();/p'\'' -e '\''s/^[ABCDGIRSTW][ABCDGIRSTW]* .* \(.*\)$/extern char \1;/p'\'''
lt_cv_sys_global_symbol_to_import=
lt_cv_sys_max_cmd_len=3145728
lt_cv_to_host_file_cmd=func_convert_file_noop
lt_cv_to_tool_file_cmd=func_convert_file_noop
lt_cv_truncate_bin='/usr/bin/dd bs=4096 count=1'

## ----------------- ##
## Output variables. ##
## ----------------- ##

ACLOCAL='${SHELL} '\''/home/runner/work/rdk_logger/rdk_logger/cfg/missing'\'' aclocal-1.16'
AMDEPBACKSLASH='\'
AMDEP_FALSE='#'
AMDEP_TRUE=''
AMTAR='$${TAR-tar}'
AM_BACKSLASH='\'
AM_DEFAULT_V='$(AM_DEFAULT_VERBOSITY)'
AM_DEFAULT_VERBOSITY='0'
AM_V='$(V)'
AR='ar'
AUTOCONF='${SHELL} '\''/home/runner/work/rdk_logger/rdk_logger/cfg/missing'\'' autoconf'
AUTOHEADER='${SHELL} '\''/home/runner/work/rdk_logger/rdk_logger/cfg/missing'\'' autoheader'
AUTOMAKE='${SHELL} '\''/home/runner/work/rdk_logger/rdk_logger/cfg/missing'\'' automake-1.16'
AWK='gawk'
CC='gcc'
CCDEPMODE='depmode=gcc3'
CFLAGS='-g -O2'
CPP='gcc -E'
CPPFLAGS=''
CSCOPE='cscope'
CTAGS='ctags'
CXX='g++'
CXXCPP='g++ -E'
CXXDEPMODE='depmode=gcc3'
CXXFLAGS='-g -O2'
CYGPATH_W='echo'
DEFS=''
DEPDIR='.deps'
DLLTOOL='false'
DSYMUTIL=''
DUMPBIN=''
ECHO_C=''
ECHO_N='-n'
ECHO_T=''
EGREP='/usr/bin/grep -E'
ETAGS='etags'
EXEEXT=''
FGREP='/usr/bin/grep -F'
FILECMD='file'
GREP='/usr/bin/grep'
INSTALL_DATA='${INSTALL} -m 644'
INSTALL_PROGRAM='${INSTALL}'
INSTALL_SCRIPT='${INSTALL}'
INSTALL_STRIP_PROGRAM='$(install_sh) -c -s'
LD='/usr/bin/ld -m elf_x86_64'
LDFLAGS=''
LIBOBJS=''
LIBS=''
LIBTOOL='$(SHELL) $(top_builddir)/libtool'
LIPO=''
LN_S='ln -s'
LOG4C_CFLAGS=''
LOG4C_LIBS=''
LTLIBOBJS=''
LT_SYS_LIBRARY_PATH=''
MAKEINFO='${SHELL} '\''/home/runner/work/rdk_logger/rdk_logger/cfg/missing'\'' makeinfo'
MANIFEST_TOOL=':'
MKDIR_P='/usr/bin/mkdir -p'
NM='/usr/bin/nm -B'
NMEDIT=''
OBJDUMP='objdump'
OBJEXT='o'
OTOOL64=''
OTOOL=''
PACKAGE='rdklogger'
PACKAGE_BUGREPORT=''
PACKAGE_NAME='rdklogger'
PACKAGE_STRING='rdklogger 3.0.0'
PACKAGE_TARNAME='rdklogger'
PACKAGE_URL=''
PACKAGE_VERSION='3.0.0'
PATH_SEPARATOR=':'
PKG_CONFIG='/usr/bin/pkg-config'
PKG_CONFIG_LIBDIR=''
PKG_CONFIG_PATH=''
RANLIB='ranlib'
SED='/usr/bin/sed'
SET_MAKE=''
SHELL='/bin/bash'
STRIP='strip'
SYSTEMD_CFLAGS=''
SYSTEMD_LIBS=''
VERSION='3.0.0'
ac_ct_AR='ar'
ac_ct_CC='gcc'
ac_ct_CXX='g++'
ac_ct_DUMPBIN=''
am__EXEEXT_FALSE=''
am__EXEEXT_TRUE=''
am__fastdepCC_FALSE='#'
am__fastdepCC_TRUE=''
am__fastdepCXX_FALSE='#'
am__fastdepCXX_TRUE=''
am__include='include'
am__isrc=''
am__leading_dot='.'
am__nodep='_no'
am__quote=''
am__tar='$${TAR-tar} chof - "$$tardir"'
am__untar='$${TAR-tar} xf -'
bindir='${exec_prefix}/bin'
build='x86_64-pc-linux-gnu'
build_alias=''
build_cpu='x86_64'
build_os='linux-gnu'
build_vendor='pc'
datadir='${datarootdir}'
datarootdir='${prefix}/share'
docdir='${datarootdir}/doc/${PACKAGE_TARNAME}'
dvidir='${docdir}'
exec_prefix='NONE'
host='x86_64-pc-linux-gnu'
host_alias=''
host_cpu='x86_64'
host_os='linux-gnu'
host_vendor='pc'
htmldir='${docdir}'
includedir='${prefix}/include'
infodir='${datarootdir}/info'
install_sh='${SHELL} /home/runner/work/rdk_logger/rdk_logger/cfg/install-sh'
libdir='${exec_prefix}/lib'
libexecdir='${exec_prefix}/libexec'
localedir='${datarootdir}/locale'
localstatedir='${prefix}/var'
mandir='${datarootdir}/man'
mkdir_p='$(MKDIR_P)'
oldincludedir='/usr/include'
pdfdir='${docdir}'
prefix='/usr'
program_transform_name='s,x,x,'
psdir='${docdir}'
runstatedir='${localstatedir}/run'
sbindir='${exec_prefix}/sbin'
sharedstatedir='${prefix}/com'
sysconfdir='${prefix}/etc'
target_alias=''

## ----------- ##
## confdefs.h. ##
## ----------- ##

/* confdefs.h */
#define PACKAGE_NAME "rdklogger"
#define PACKAGE_TARNAME "rdklogger"
#define PACKAGE_VERSION "3.0.0"
#define PACKAGE_STRING "rdklogger 3.0.0"
#define PACKAGE_BUGREPORT ""
#define PACKAGE_URL ""
#define PACKAGE "rdklogger"
#define VERSION "3.0.0"
#define HAVE_STDIO_H 1
#define HAVE_STDLIB_H 1
#define HAVE_STRING_H 1
#define HAVE_INTTYPES_H 1
#define HAVE_STDINT_H 1
#define HAVE_STRINGS_H 1
#define HAVE_SYS_STAT_H 1
#define HAVE_SYS_TYPES_H 1
#define HAVE_UNISTD_H 1
#define STDC_HEADERS 1
#define HAVE_DLFCN_H 1
#define LT_OBJDIR ".libs/"
#define HAVE_LIMITS_H 1
#define HAVE_MEMORY_H 1
#define HAVE_STDLIB_H 1
#define HAVE_STRING_H 1
#define HAVE_SYS_SOCKET_H 1
#define HAVE_UNISTD_H 1
#define HAVE_SYSLOG_H 1
#define HAVE_OPENLOG 1
#define HAVE_SYSLOG 1
#define HAVE_CLOSELOG 1
#define HAVE_MALLOC 1
#define HAVE_MEMSET 1
#define HAVE_STRDUP 1
#define HAVE_STRERROR 1

configure: exit 1
